 *******************************************************************************
 ** Site#: 2303         For non-commercial use only     Version 15.027L 64BITS**
 *******************************************************************************
 ** Cite this work as:                                                        **
 **                                                                           **
 ** (a) MOPAC2012, James J. P. Stewart, Stewart Computational Chemistry,      **
 **  Version 15.027L web: HTTP://OpenMOPAC.net         Days remaining: 303    **
 **                                                                           **
 **                                 AND                                       **
 **                                                                           **
 ** (b) Maia, J.D.C., et al., J. Chem. Theory Comput. 2012, 8, 3072-3081.     **
 **                DOI: 10.1021/ct3004645.                                    **
 *******************************************************************************
 **                                                                           **
 **                                MOPAC2012                                  **
 **                                                                           **
 *******************************************************************************

                            PM3 CALCULATION RESULTS


 *******************************************************************************
 *  CALCULATION DONE:                                Mon Mar 30 15:40:52 2015  *
 *  PM3        - The PM3 Hamiltonian to be used
 *  NOMM       - DO NOT MAKE MM CORRECTION TO CONH BARRIER
 *  T=         - A TIME OF 172800.0 SECONDS REQUESTED
 *  DUMP=N     - RESTART FILE WRITTEN EVERY  7200.000 SECONDS
 *  NOINTER    - THIS KEYWORD HAS BEEN REPLACED BY PRTINT
 *  BONDS      - FINAL BOND-ORDER MATRIX TO BE PRINTED
 *  MULLIK     - THE MULLIKEN ANALYSIS TO BE PERFORMED
 *******************************************************************************
PM3 NOINTER NOMM BONDS MULLIK

 Generated by ambit2.mopac.Mopac7Writer at Mon Mar 30 15:25:37 EEST 2015
   ATOM   CHEMICAL          X               Y               Z
  NUMBER   SYMBOL      (ANGSTROMS)     (ANGSTROMS)     (ANGSTROMS)
 
     1      Sb          0.19900000  *   1.58800000  *   0.96200000  *
     2       O          1.22500000  *   3.11200000  *   0.11300000  *
     3       O          0.73900000  *   0.73100000  *  -0.78600000  *
     4      Sb          2.25100000  *   4.63700000  *   0.96200000  *
     5       O          1.71100000  *   5.49400000  *  -0.78600000  *
     6      Sb          0.19900000  *   4.63700000  *  -1.74300000  *
     7      Sb          2.25100000  *   1.58800000  *  -1.74300000  *
     8      Sb          2.64900000  *   7.81200000  *  -0.96200000  *
     9      Sb         -0.19900000  *  -1.58800000  *  -0.96200000  *
    10       O          0.73900000  *   5.49400000  *   1.91900000  *
    11       O          1.71100000  *   0.73100000  *   1.91900000  *
    12       O          3.18900000  *   6.95500000  *   0.78600000  *
    13       O         -0.73900000  *  -0.73100000  *   0.78600000  *
    14       H          0.75000000  *  -2.79900000  *   0.00000000  *
    15       H          1.29900000  *  -2.25000000  *   0.00000000  *
 


          CARTESIAN COORDINATES 

    NO.       ATOM         X         Y         Z

     1        Sb        0.1990    1.5880    0.9620
     2         O        1.2250    3.1120    0.1130
     3         O        0.7390    0.7310   -0.7860
     4        Sb        2.2510    4.6370    0.9620
     5         O        1.7110    5.4940   -0.7860
     6        Sb        0.1990    4.6370   -1.7430
     7        Sb        2.2510    1.5880   -1.7430
     8        Sb        2.6490    7.8120   -0.9620
     9        Sb       -0.1990   -1.5880   -0.9620
    10         O        0.7390    5.4940    1.9190
    11         O        1.7110    0.7310    1.9190
    12         O        3.1890    6.9550    0.7860
    13         O       -0.7390   -0.7310    0.7860
    14         H        0.7500   -2.7990    0.0000
    15         H        1.2990   -2.2500    0.0000

     ===================== shared-memory parallel CPU Section ======================
     **                                                                           **
     **  MOPAC calculations will run in shared-memory parallel CPUs               **
     **                                                                           **
     **  Number of Threads =  8                                                   **
     **                                                                           **
     **                                                                           **
     **  For information on this work, see:                                       **
     **                                                                           **
     **  Maia, J.D.C., et al., J. Chem. Theory Comput. 2012, 8, 3072-3081.        **
     **        DOI: 10.1021/ct3004645.                                            **
     **                                                                           **
     ===================== shared-memory parallel CPU Section ======================
      


  H: (PM3): J. J. P. STEWART, J. COMP. CHEM. 10, 209 (1989).
  O: (PM3): J. J. P. STEWART, J. COMP. CHEM. 10, 209 (1989).
 Sb: (PM3): J. J. P. STEWART, J. COMP. CHEM. 12, 320-341 (1991).

           Empirical Formula: H2 O7 Sb6  =    15 atoms



      MOLECULAR POINT GROUP   :   C1  


      RHF CALCULATION, NO. OF DOUBLY OCCUPIED LEVELS =   37

      Geometry optimization using EF

          DIAGONAL MATRIX USED AS START HESSIAN

 CYCLE:     1 TIME:   0.055 TIME LEFT:  2.00D  GRAD.:   350.192 HEAT:  64.02317
 CYCLE:     2 TIME:   0.020 TIME LEFT:  2.00D  GRAD.:   222.882 HEAT:  10.30393
 CYCLE:     3 TIME:   0.016 TIME LEFT:  2.00D  GRAD.:   209.674 HEAT: -58.97363
 CYCLE:     4 TIME:   0.039 TIME LEFT:  2.00D  GRAD.:   199.647 HEAT: -80.96529
 CYCLE:     5 TIME:   0.016 TIME LEFT:  2.00D  GRAD.:   181.171 HEAT: -90.63963
 CYCLE:     6 TIME:   0.039 TIME LEFT:  2.00D  GRAD.:   104.502 HEAT: -99.67199
 CYCLE:     7 TIME:   0.035 TIME LEFT:  2.00D  GRAD.:    46.503 HEAT: -103.4933
 CYCLE:     8 TIME:   0.016 TIME LEFT:  2.00D  GRAD.:    48.747 HEAT: -105.9630
 CYCLE:     9 TIME:   0.020 TIME LEFT:  2.00D  GRAD.:    44.477 HEAT: -109.4714
 CYCLE:    10 TIME:   0.020 TIME LEFT:  2.00D  GRAD.:    40.240 HEAT: -115.2648
 CYCLE:    11 TIME:   0.035 TIME LEFT:  2.00D  GRAD.:    58.096 HEAT: -116.9993
 CYCLE:    12 TIME:   0.020 TIME LEFT:  2.00D  GRAD.:    25.746 HEAT: -119.1471
 CYCLE:    13 TIME:   0.016 TIME LEFT:  2.00D  GRAD.:    33.893 HEAT: -120.1409
 CYCLE:    14 TIME:   0.020 TIME LEFT:  2.00D  GRAD.:    36.679 HEAT: -120.7298
 CYCLE:    15 TIME:   0.016 TIME LEFT:  2.00D  GRAD.:    22.316 HEAT: -121.8361
 CYCLE:    16 TIME:   0.020 TIME LEFT:  2.00D  GRAD.:    25.688 HEAT: -122.6971
 CYCLE:    17 TIME:   0.016 TIME LEFT:  2.00D  GRAD.:    23.056 HEAT: -123.8108
 CYCLE:    18 TIME:   0.020 TIME LEFT:  2.00D  GRAD.:    42.043 HEAT: -125.5331
 CYCLE:    19 TIME:   0.020 TIME LEFT:  2.00D  GRAD.:    80.947 HEAT: -128.7516
 CYCLE:    20 TIME:   0.020 TIME LEFT:  2.00D  GRAD.:   169.566 HEAT: -132.8081
 CYCLE:    21 TIME:   0.020 TIME LEFT:  2.00D  GRAD.:   241.331 HEAT: -136.9192
 CYCLE:    22 TIME:   0.051 TIME LEFT:  2.00D  GRAD.:   220.646 HEAT: -146.2927
 CYCLE:    23 TIME:   0.020 TIME LEFT:  2.00D  GRAD.:   187.460 HEAT: -167.9840
 CYCLE:    24 TIME:   0.020 TIME LEFT:  2.00D  GRAD.:   179.439 HEAT: -209.3294
 CYCLE:    25 TIME:   0.016 TIME LEFT:  2.00D  GRAD.:   394.559 HEAT: -230.0212
 CYCLE:    26 TIME:   0.020 TIME LEFT:  2.00D  GRAD.:   257.983 HEAT: -234.4691
 CYCLE:    27 TIME:   0.020 TIME LEFT:  2.00D  GRAD.:   204.826 HEAT: -240.9460
 CYCLE:    28 TIME:   0.020 TIME LEFT:  2.00D  GRAD.:   266.817 HEAT: -242.9552
 CYCLE:    29 TIME:   0.016 TIME LEFT:  2.00D  GRAD.:   122.618 HEAT: -264.6372
 CYCLE:    30 TIME:   0.035 TIME LEFT:  2.00D  GRAD.:   109.836 HEAT: -266.5826
 CYCLE:    31 TIME:   0.020 TIME LEFT:  2.00D  GRAD.:    73.950 HEAT: -270.2757
 CYCLE:    32 TIME:   0.051 TIME LEFT:  2.00D  GRAD.:    47.185 HEAT: -271.7788
 CYCLE:    33 TIME:   0.016 TIME LEFT:  2.00D  GRAD.:    25.948 HEAT: -272.8020
 CYCLE:    34 TIME:   0.020 TIME LEFT:  2.00D  GRAD.:    24.943 HEAT: -273.4001
 CYCLE:    35 TIME:   0.016 TIME LEFT:  2.00D  GRAD.:    20.752 HEAT: -273.9025
 CYCLE:    36 TIME:   0.035 TIME LEFT:  2.00D  GRAD.:    21.357 HEAT: -274.1319
 CYCLE:    37 TIME:   0.016 TIME LEFT:  2.00D  GRAD.:    13.170 HEAT: -274.3849
 CYCLE:    38 TIME:   0.020 TIME LEFT:  2.00D  GRAD.:    16.084 HEAT: -274.5302
 CYCLE:    39 TIME:   0.016 TIME LEFT:  2.00D  GRAD.:     8.804 HEAT: -274.6963
 CYCLE:    40 TIME:   0.016 TIME LEFT:  2.00D  GRAD.:     8.281 HEAT: -274.8411
 CYCLE:    41 TIME:   0.020 TIME LEFT:  2.00D  GRAD.:     8.628 HEAT: -274.9009
 CYCLE:    42 TIME:   0.016 TIME LEFT:  2.00D  GRAD.:     6.728 HEAT: -275.0063
 CYCLE:    43 TIME:   0.020 TIME LEFT:  2.00D  GRAD.:     6.943 HEAT: -275.0803
 CYCLE:    44 TIME:   0.016 TIME LEFT:  2.00D  GRAD.:     7.596 HEAT: -275.1555
 CYCLE:    45 TIME:   0.020 TIME LEFT:  2.00D  GRAD.:     8.619 HEAT: -275.2554
 CYCLE:    46 TIME:   0.016 TIME LEFT:  2.00D  GRAD.:     9.810 HEAT: -275.3694
 CYCLE:    47 TIME:   0.020 TIME LEFT:  2.00D  GRAD.:     8.552 HEAT: -275.4651
 CYCLE:    48 TIME:   0.035 TIME LEFT:  2.00D  GRAD.:    10.290 HEAT: -275.6050
 CYCLE:    49 TIME:   0.016 TIME LEFT:  2.00D  GRAD.:     7.928 HEAT: -275.6738
 CYCLE:    50 TIME:   0.020 TIME LEFT:  2.00D  GRAD.:     8.467 HEAT: -275.8202
 CYCLE:    51 TIME:   0.016 TIME LEFT:  2.00D  GRAD.:    10.625 HEAT: -276.0265
 CYCLE:    52 TIME:   0.020 TIME LEFT:  2.00D  GRAD.:    13.996 HEAT: -276.3313
 CYCLE:    53 TIME:   0.016 TIME LEFT:  2.00D  GRAD.:    22.573 HEAT: -276.6344
 CYCLE:    54 TIME:   0.020 TIME LEFT:  2.00D  GRAD.:    16.154 HEAT: -276.9461
 CYCLE:    55 TIME:   0.016 TIME LEFT:  2.00D  GRAD.:    21.083 HEAT: -277.5298
 CYCLE:    56 TIME:   0.020 TIME LEFT:  2.00D  GRAD.:    14.483 HEAT: -277.9684
 CYCLE:    57 TIME:   0.016 TIME LEFT:  2.00D  GRAD.:    20.188 HEAT: -278.0683
 CYCLE:    58 TIME:   0.035 TIME LEFT:  2.00D  GRAD.:    16.721 HEAT: -278.1522
 CYCLE:    59 TIME:   0.020 TIME LEFT:  2.00D  GRAD.:     7.571 HEAT: -278.2996
 CYCLE:    60 TIME:   0.016 TIME LEFT:  2.00D  GRAD.:     6.492 HEAT: -278.3681
 CYCLE:    61 TIME:   0.020 TIME LEFT:  2.00D  GRAD.:    12.509 HEAT: -278.4883
 CYCLE:    62 TIME:   0.016 TIME LEFT:  2.00D  GRAD.:    15.936 HEAT: -278.6435
 CYCLE:    63 TIME:   0.020 TIME LEFT:  2.00D  GRAD.:    17.090 HEAT: -278.8618
 CYCLE:    64 TIME:   0.016 TIME LEFT:  2.00D  GRAD.:    11.638 HEAT: -278.9942
 CYCLE:    65 TIME:   0.020 TIME LEFT:  2.00D  GRAD.:    11.019 HEAT: -279.2817
 CYCLE:    66 TIME:   0.016 TIME LEFT:  2.00D  GRAD.:    10.003 HEAT: -279.6731
 CYCLE:    67 TIME:   0.020 TIME LEFT:  2.00D  GRAD.:    15.973 HEAT: -279.9418
 CYCLE:    68 TIME:   0.016 TIME LEFT:  2.00D  GRAD.:    14.644 HEAT: -280.0805
 CYCLE:    69 TIME:   0.020 TIME LEFT:  2.00D  GRAD.:     9.427 HEAT: -280.2647
 CYCLE:    70 TIME:   0.016 TIME LEFT:  2.00D  GRAD.:    15.813 HEAT: -280.4432
 CYCLE:    71 TIME:   0.020 TIME LEFT:  2.00D  GRAD.:    17.417 HEAT: -280.5271
 CYCLE:    72 TIME:   0.016 TIME LEFT:  2.00D  GRAD.:    11.251 HEAT: -280.7230
 CYCLE:    73 TIME:   0.020 TIME LEFT:  2.00D  GRAD.:    17.727 HEAT: -280.9430
 CYCLE:    74 TIME:   0.016 TIME LEFT:  2.00D  GRAD.:    12.612 HEAT: -281.1991
 CYCLE:    75 TIME:   0.020 TIME LEFT:  2.00D  GRAD.:    16.718 HEAT: -281.4733
 CYCLE:    76 TIME:   0.016 TIME LEFT:  2.00D  GRAD.:    12.457 HEAT: -281.6864
 CYCLE:    77 TIME:   0.020 TIME LEFT:  2.00D  GRAD.:    13.815 HEAT: -282.0248
 CYCLE:    78 TIME:   0.020 TIME LEFT:  2.00D  GRAD.:    18.574 HEAT: -282.3675
 CYCLE:    79 TIME:   0.016 TIME LEFT:  2.00D  GRAD.:    15.158 HEAT: -282.5746
 CYCLE:    80 TIME:   0.020 TIME LEFT:  2.00D  GRAD.:    14.445 HEAT: -282.7978
 CYCLE:    81 TIME:   0.016 TIME LEFT:  2.00D  GRAD.:    13.893 HEAT: -282.9545
 CYCLE:    82 TIME:   0.020 TIME LEFT:  2.00D  GRAD.:    10.012 HEAT: -283.0689
 CYCLE:    83 TIME:   0.016 TIME LEFT:  2.00D  GRAD.:     6.092 HEAT: -283.1271
 CYCLE:    84 TIME:   0.020 TIME LEFT:  2.00D  GRAD.:     4.365 HEAT: -283.1859
 CYCLE:    85 TIME:   0.016 TIME LEFT:  2.00D  GRAD.:     4.807 HEAT: -283.2298
 CYCLE:    86 TIME:   0.020 TIME LEFT:  2.00D  GRAD.:     4.609 HEAT: -283.2716
 CYCLE:    87 TIME:   0.016 TIME LEFT:  2.00D  GRAD.:     2.863 HEAT: -283.2880
 CYCLE:    88 TIME:   0.016 TIME LEFT:  2.00D  GRAD.:     2.921 HEAT: -283.2979
 CYCLE:    89 TIME:   0.020 TIME LEFT:  2.00D  GRAD.:     1.847 HEAT: -283.3029
 CYCLE:    90 TIME:   0.016 TIME LEFT:  2.00D  GRAD.:     1.485 HEAT: -283.3083
 CYCLE:    91 TIME:   0.020 TIME LEFT:  2.00D  GRAD.:     1.765 HEAT: -283.3130
 CYCLE:    92 TIME:   0.020 TIME LEFT:  2.00D  GRAD.:     2.455 HEAT: -283.3206
 CYCLE:    93 TIME:   0.016 TIME LEFT:  2.00D  GRAD.:     1.868 HEAT: -283.3242
 CYCLE:    94 TIME:   0.020 TIME LEFT:  2.00D  GRAD.:     1.870 HEAT: -283.3303
 CYCLE:    95 TIME:   0.016 TIME LEFT:  2.00D  GRAD.:     1.456 HEAT: -283.3337
 CYCLE:    96 TIME:   0.020 TIME LEFT:  2.00D  GRAD.:     2.197 HEAT: -283.3420
 CYCLE:    97 TIME:   0.016 TIME LEFT:  2.00D  GRAD.:     1.971 HEAT: -283.3475
 CYCLE:    98 TIME:   0.035 TIME LEFT:  2.00D  GRAD.:     2.472 HEAT: -283.3556
 CYCLE:    99 TIME:   0.020 TIME LEFT:  2.00D  GRAD.:     1.214 HEAT: -283.3675
 CYCLE:   100 TIME:   0.016 TIME LEFT:  2.00D  GRAD.:     0.864 HEAT: -283.3707

     GRADIENT =  0.86403  IS LESS THAN CUTOFF =  1.00000



 -------------------------------------------------------------------------------
PM3 NOINTER NOMM BONDS MULLIK

 Generated by ambit2.mopac.Mopac7Writer at Mon Mar 30 15:25:37 EEST 2015


     GEOMETRY OPTIMISED USING EIGENVECTOR FOLLOWING (EF).     
     SCF FIELD WAS ACHIEVED                                   


                              PM3 CALCULATION
                                                       MOPAC2012 (Version: 15.027L)
                                                       Mon Mar 30 15:40:54 2015
                                                       No. of days left = 303




          FINAL HEAT OF FORMATION =       -283.37075 KCAL/MOL =   -1185.62321 KJ/MOL


          TOTAL ENERGY            =      -2996.50142 EV
          ELECTRONIC ENERGY       =     -13268.84080 EV  POINT GROUP:     C1  
          CORE-CORE REPULSION     =      10272.33938 EV
          COSMO AREA              =        274.75 SQUARE ANGSTROMS
          COSMO VOLUME            =        344.77 CUBIC ANGSTROMS

          GRADIENT NORM           =          0.86403
          IONIZATION POTENTIAL    =          7.287474 EV
          HOMO LUMO ENERGIES (EV) =         -7.287 -0.560
          NO. OF FILLED LEVELS    =         37
          MOLECULAR WEIGHT        =        844.512

          MOLECULAR DIMENSIONS (Angstroms)

            Atom       Atom       Distance
            H    14   Sb     8     9.59182
            O    13    O    12     4.36973
            O    11   Sb     6     4.08966


          SCF CALCULATIONS        =        114
 
          WALL-CLOCK TIME         =          2.078 SECONDS
          COMPUTATION TIME        =          2.062 SECONDS




   ATOM   CHEMICAL          X               Y               Z
  NUMBER   SYMBOL      (ANGSTROMS)     (ANGSTROMS)     (ANGSTROMS)
 
     1      Sb          0.20532153  *   2.17886575  *   0.89845629  *
     2       O          1.10420129  *   3.17776522  *  -0.79535283  *
     3       O          1.40714878  *   0.90498532  *  -0.26619834  *
     4      Sb          2.87044426  *   4.29602680  *  -0.16800014  *
     5       O          1.55407225  *   5.62569922  *  -1.02996311  *
     6      Sb          0.63315315  *   4.39923023  *  -2.36692565  *
     7      Sb          2.23060985  *   1.85875270  *  -1.87041102  *
     8      Sb          1.31693828  *   6.57720828  *   0.74211675  *
     9      Sb          0.12671662  *  -0.61405829  *   0.05679849  *
    10       O          1.51055148  *   4.67227594  *   1.26941270  *
    11       O          0.40528022  *   0.35867941  *   1.73917015  *
    12       O          3.21436966  *   6.15790036  *   0.51229554  *
    13       O         -1.04202113  *   0.97690678  *  -0.09918690  *
    14       H          1.44305694  *  -3.01371918  *   0.77586680  *
    15       H          1.92016996  *  -2.62881307  *   1.11490901  *

                             CARTESIAN COORDINATES

   1   Sb        0.205321534     2.178865746     0.898456294
   2    O        1.104201293     3.177765224    -0.795352828
   3    O        1.407148785     0.904985323    -0.266198341
   4   Sb        2.870444263     4.296026796    -0.168000137
   5    O        1.554072253     5.625699223    -1.029963107
   6   Sb        0.633153153     4.399230228    -2.366925648
   7   Sb        2.230609855     1.858752697    -1.870411016
   8   Sb        1.316938282     6.577208276     0.742116747
   9   Sb        0.126716620    -0.614058291     0.056798487
  10    O        1.510551482     4.672275941     1.269412695
  11    O        0.405280217     0.358679408     1.739170148
  12    O        3.214369657     6.157900358     0.512295544
  13    O       -1.042021133     0.976906782    -0.099186904
  14    H        1.443056938    -3.013719185     0.775866796
  15    H        1.920169964    -2.628813071     1.114909006


           Empirical Formula: H2 O7 Sb6  =    15 atoms



      MOLECULAR POINT GROUP   :   C1  


                  EIGENVALUES  
 -43.62888 -41.75551 -39.20763 -35.58733 -33.50111 -32.07861 -31.67317 -31.49929
 -31.21641 -30.76666 -30.19954 -26.82071 -26.23656 -16.70936 -15.05498 -14.98739
 -14.38158 -13.88546 -13.66708 -13.43519 -13.30629 -13.02160 -12.88457 -12.53922
 -12.43627 -12.08270 -11.46038 -11.45329 -11.13458 -11.03281 -10.97479 -10.76856
 -10.66055 -10.36922 -10.10903  -7.63309  -7.28747  -0.56026  -0.35830  -0.07319
   0.10187   0.19875   0.21752   0.34169   0.75918   1.11327   1.14820   1.45025
   1.61254   1.81789   2.01694   2.41155   2.94579   4.24049


              NET ATOMIC CHARGES AND DIPOLE CONTRIBUTIONS

  ATOM NO.   TYPE          CHARGE      No. of ELECS.   s-Pop       p-Pop       
    1         Sb           1.380295        3.6197     1.94252     1.67719
    2          O          -0.679096        6.6791     1.84690     4.83220
    3          O          -0.712903        6.7129     1.85085     4.86206
    4         Sb           1.358455        3.6415     1.93717     1.70438
    5          O          -0.721098        6.7211     1.84670     4.87440
    6         Sb           0.158088        4.8419     1.97326     2.86865
    7         Sb           0.091662        4.9083     1.97082     2.93752
    8         Sb           1.201882        3.7981     1.93505     1.86307
    9         Sb           1.174271        3.8257     1.93459     1.89114
   10          O          -0.833685        6.8337     1.88719     4.94649
   11          O          -0.818194        6.8182     1.88734     4.93085
   12          O          -0.802914        6.8029     1.88578     4.91713
   13          O          -0.805097        6.8051     1.88351     4.92158
   14          H          -0.007809        1.0078     1.00781
   15          H           0.016143        0.9839     0.98386
 DIPOLE           X         Y         Z       TOTAL
 POINT-CHG.     0.154     0.456     0.465     0.669
 HYBRID        -0.242     0.091     0.757     0.800
 SUM           -0.088     0.548     1.222     1.342


          ATOMIC ORBITAL ELECTRON POPULATIONS

    Atom      s        px        py        pz   
    1 Sb   1.94252   0.48689   0.64978   0.54051
    2  O   1.84690   1.67272   1.63488   1.52459
    3  O   1.85085   1.74381   1.50880   1.60944
    4 Sb   1.93717   0.60187   0.59325   0.50925
    5  O   1.84670   1.64298   1.63060   1.60082
    6 Sb   1.97326   1.73052   0.44916   0.68897
    7 Sb   1.97082   1.39340   0.54598   0.99814
    8 Sb   1.93505   0.65438   0.68449   0.52419
    9 Sb   1.93459   0.53584   0.74741   0.60789
   10  O   1.88719   1.69388   1.48247   1.77014
   11  O   1.88734   1.83728   1.43358   1.65999
   12  O   1.88578   1.56809   1.57930   1.76974
   13  O   1.88351   1.73795   1.36481   1.81882
   14  H   1.00781
   15  H   0.98386

          BONDING CONTRIBUTION OF EACH M.O.

  0.5199  0.5928  0.4931  0.3308  0.2981  0.2081  0.3990  0.3510  0.3937  0.3053
  0.2838  0.1354  0.1662  1.9662  1.2499  1.3961  1.1408  1.5105  1.3876  1.1343
  1.1510  1.0901  0.8199  1.4612  1.1881  0.9589  0.9764  0.7242  0.6972  0.7621
  0.8443  0.5759  0.6897  0.4305  1.0504  0.1588  0.1660 -1.3793 -1.3037 -1.5833
 -1.5192 -1.3857 -1.5246 -1.5243 -1.5758 -1.6906 -1.7158 -1.6697 -1.6596 -1.7865
 -1.6914 -2.0137 -1.9931 -1.9910





                    BOND ORDERS AND VALENCIES


                 Sb  1       O  2       O  3      Sb  4       O  5      Sb  6
 ------------------------------------------------------------------------------
    Sb    1   2.389591
     O    2   0.317070   2.114881
     O    3   0.517284   0.033680   1.998667
    Sb    4   0.007474   0.324890   0.001468   2.404567
     O    5   0.001867   0.039681   0.001060   0.575566   1.999116
    Sb    6   0.012573   0.640841   0.011930   0.020961   0.640875   1.438105
    Sb    7   0.016071   0.658548   0.670742   0.024742   0.003532   0.046953
    Sb    8   0.001710   0.009016   0.000419   0.038208   0.640118   0.031783
    Sb    9   0.042156   0.007092   0.664534   0.000246   0.000175   0.001421
     O   10   0.030160   0.025730   0.000649   0.720512   0.047045   0.004771
     O   11   0.677962   0.021259   0.045623   0.000462   0.000398   0.003264
     O   12   0.001029   0.021524   0.000447   0.688613   0.048446   0.019727
     O   13   0.763904   0.015537   0.050289   0.001424   0.000353   0.003006
     H   14   0.000176   0.000010   0.000237   0.000001   0.000000   0.000001
     H   15   0.000154   0.000005   0.000305   0.000001   0.000000   0.000000


                 Sb  7      Sb  8      Sb  9       O 10       O 11       O 12
 ------------------------------------------------------------------------------
    Sb    7   1.481116
    Sb    8   0.001393   2.519452
    Sb    9   0.019363   0.000137   2.537792
     O   10   0.003939   0.840383   0.000446   1.755293
     O   11   0.025707   0.000791   0.931264   0.003839   1.779287
     O   12   0.003321   0.953336   0.000068   0.072680   0.000174   1.809928
     O   13   0.006790   0.002158   0.858811   0.005137   0.067942   0.000563
     H   14   0.000003   0.000000   0.006167   0.000000   0.000525   0.000000
     H   15   0.000013   0.000001   0.005912   0.000001   0.000076   0.000000


                  O 13       H 14       H 15
 ------------------------------------------
     O   13   1.779695
     H   14   0.001665   0.999939
     H   15   0.002117   0.991155   0.999739

           MULLIKEN POPULATION ANALYSIS



        MULLIKEN POPULATIONS AND CHARGES

      NO.  ATOM   POPULATION      CHARGE
        1   Sb     5.704776     -0.704776
        2    O     6.907720     -0.907720
        3    O     5.777585      0.222415
        4   Sb     4.075284      0.924716
        5    O     5.600163      0.399837
        6   Sb     4.373096      0.626904
        7   Sb     4.182298      0.817702
        8   Sb     2.517636      2.482364
        9   Sb     3.684582      1.315418
       10    O     9.618995     -3.618995
       11    O    11.029433     -5.029433
       12    O    12.390836     -6.390836
       13    O    11.421710     -5.421710
       14    H     2.202597     -1.202597
       15    H     0.145984      0.854016

          JOB ENDED NORMALLY



 TOTAL JOB TIME:             2.08 SECONDS

 == MOPAC DONE ==
