 *******************************************************************************
 ** Site#: 13886           For non-commercial use only        Version 11.366W **
 *******************************************************************************
 ** Cite this work as: MOPAC2009, James J. P. Stewart, Stewart Computational  **
 ** Chemistry, Version 11.366W web: HTTP://OpenMOPAC.net  Days remaining:  11 **
 *******************************************************************************
 **                                                                           **
 **                                MOPAC2009                                  **
 **                                                                           **
 *******************************************************************************

                            PM3 CALCULATION RESULTS


 *******************************************************************************
 *  CALCULATION DONE:                                Thu Dec 20 16:09:49 2012  *
 *  PM3      - The PM3 Hamiltonian to be used
 *  NOMM     - DO NOT MAKE MM CORRECTION TO CONH BARRIER
 *  PRECISE  - CRITERIA TO BE INCREASED BY 100 TIMES
 *  T=       - A TIME OF 172800.0 SECONDS REQUESTED
 *  DUMP=N   - RESTART FILE WRITTEN EVERY  7200.000 SECONDS
 *  GNORM=   - EXIT WHEN GRADIENT NORM DROPS BELOW 0.00    
 *  NOINTER  - THIS KEYWORD HAS BEEN REPLACED BY PRTINT
 *  BONDS    - FINAL BOND-ORDER MATRIX TO BE PRINTED
 *  MULLIK   - THE MULLIKEN ANALYSIS TO BE PERFORMED
 *******************************************************************************
PM3 NOINTER NOMM BONDS MULLIK PRECISE GNORM=0.0

 Generated by ambit2.mopac.Mopac7Writer at Thu Dec 20 16:09:48 EET 2012
   ATOM   CHEMICAL          X               Y               Z
  NUMBER   SYMBOL      (ANGSTROMS)     (ANGSTROMS)     (ANGSTROMS)
 
     1       C          1.98280000  *   1.21770000  *   1.79940000  *
     2       C          2.82040000  *   2.03660000  *   2.77290000  *
     3       C          4.32160000  *   2.08870000  *   2.41520000  *
     4       C          5.13560000  *   2.85630000  *   3.48190000  *
     5       C          5.17770000  *   2.16180000  *   4.83690000  *
     6       C          4.59150000  *   2.66510000  *   1.01070000  *
     7       C          4.08120000  *   4.07120000  *   0.83830000  *
     8       N          3.10420000  *   4.33730000  *   0.03860000  *
     9       H          2.89890000  *   5.34300000  *   0.05830000  *
    10       H          2.38340000  *   0.20470000  *   1.69300000  *
    11       H          0.95490000  *   1.13720000  *   2.16810000  *
    12       H          1.93980000  *   1.68100000  *   0.81000000  *
    13       H          2.69610000  *   1.58670000  *   3.76390000  *
    14       H          2.40870000  *   3.05050000  *   2.83900000  *
    15       H          4.69480000  *   1.05500000  *   2.40240000  *
    16       H          4.73220000  *   3.86670000  *   3.61680000  *
    17       H          6.16930000  *   2.97080000  *   3.13270000  *
    18       H          4.19420000  *   2.14620000  *   5.31440000  *
    19       H          5.85930000  *   2.69390000  *   5.50860000  *
    20       H          5.53460000  *   1.13170000  *   4.74060000  *
    21       H          5.67090000  *   2.68750000  *   0.82060000  *
    22       H          4.14830000  *   2.02370000  *   0.24130000  *
    23       H          4.56680000  *   4.87150000  *   1.42120000  *
 


          CARTESIAN COORDINATES 

    NO.       ATOM         X         Y         Z

     1         C        1.9828    1.2177    1.7994
     2         C        2.8204    2.0366    2.7729
     3         C        4.3216    2.0887    2.4152
     4         C        5.1356    2.8563    3.4819
     5         C        5.1777    2.1618    4.8369
     6         C        4.5915    2.6651    1.0107
     7         C        4.0812    4.0712    0.8383
     8         N        3.1042    4.3373    0.0386
     9         H        2.8989    5.3430    0.0583
    10         H        2.3834    0.2047    1.6930
    11         H        0.9549    1.1372    2.1681
    12         H        1.9398    1.6810    0.8100
    13         H        2.6961    1.5867    3.7639
    14         H        2.4087    3.0505    2.8390
    15         H        4.6948    1.0550    2.4024
    16         H        4.7322    3.8667    3.6168
    17         H        6.1693    2.9708    3.1327
    18         H        4.1942    2.1462    5.3144
    19         H        5.8593    2.6939    5.5086
    20         H        5.5346    1.1317    4.7406
    21         H        5.6709    2.6875    0.8206
    22         H        4.1483    2.0237    0.2413
    23         H        4.5668    4.8715    1.4212

  H: (PM3): J. J. P. STEWART, J. COMP. CHEM. 10, 209 (1989).
  C: (PM3): J. J. P. STEWART, J. COMP. CHEM. 10, 209 (1989).
  N: (PM3): J. J. P. STEWART, J. COMP. CHEM. 10, 209 (1989).

           Empirical Formula: C7 H15 N  =    23 atoms



      MOLECULAR POINT GROUP   :   C1  


      RHF CALCULATION, NO. OF DOUBLY OCCUPIED LEVELS =   24

      Geometry optimization using EF

  GNORM HAS BEEN SET TOO LOW, RESET TO 0.01

  SPECIFY LET AS KEYWORD TO ALLOW GNORM LESS THAN 0.01

          DIAGONAL MATRIX USED AS START HESSIAN

 CYCLE:     1 TIME:   0.016 TIME LEFT:  2.00D  GRAD.:    71.783 HEAT:-9.507157
 CYCLE:     2 TIME:   0.047 TIME LEFT:  2.00D  GRAD.:    27.181 HEAT:-10.96864
 CYCLE:     3 TIME:   0.031 TIME LEFT:  2.00D  GRAD.:    25.675 HEAT:-11.27371
 CYCLE:     4 TIME:   0.016 TIME LEFT:  2.00D  GRAD.:    42.755 HEAT:-11.34961
 CYCLE:     5 TIME:   0.031 TIME LEFT:  2.00D  GRAD.:    45.323 HEAT:-11.58367
 CYCLE:     6 TIME:   0.031 TIME LEFT:  2.00D  GRAD.:    23.073 HEAT:-11.86114
 CYCLE:     7 TIME:   0.016 TIME LEFT:  2.00D  GRAD.:    21.505 HEAT:-11.92265
 CYCLE:     8 TIME:   0.016 TIME LEFT:  2.00D  GRAD.:    18.491 HEAT:-12.00133
 CYCLE:     9 TIME:   0.031 TIME LEFT:  2.00D  GRAD.:     9.275 HEAT:-12.09436
 CYCLE:    10 TIME:   0.031 TIME LEFT:  2.00D  GRAD.:     6.216 HEAT:-12.12328
 CYCLE:    11 TIME:   0.016 TIME LEFT:  2.00D  GRAD.:     6.417 HEAT:-12.15331
 CYCLE:    12 TIME:   0.016 TIME LEFT:  2.00D  GRAD.:     8.424 HEAT:-12.18295
 CYCLE:    13 TIME:   0.016 TIME LEFT:  2.00D  GRAD.:    13.018 HEAT:-12.18835
 CYCLE:    14 TIME:   0.016 TIME LEFT:  2.00D  GRAD.:     8.650 HEAT:-12.24498
 CYCLE:    15 TIME:   0.047 TIME LEFT:  2.00D  GRAD.:    10.553 HEAT:-12.25313
 CYCLE:    16 TIME:   0.016 TIME LEFT:  2.00D  GRAD.:     5.991 HEAT:-12.29028
 CYCLE:    17 TIME:   0.031 TIME LEFT:  2.00D  GRAD.:     9.980 HEAT:-12.30137
 CYCLE:    18 TIME:   0.016 TIME LEFT:  2.00D  GRAD.:     9.470 HEAT:-12.33438
 CYCLE:    19 TIME:   0.016 TIME LEFT:  2.00D  GRAD.:     9.875 HEAT:-12.37266
 CYCLE:    20 TIME:   0.016 TIME LEFT:  2.00D  GRAD.:     7.527 HEAT:-12.42253
 CYCLE:    21 TIME:   0.016 TIME LEFT:  2.00D  GRAD.:     8.705 HEAT:-12.46488
 CYCLE:    22 TIME:   0.016 TIME LEFT:  2.00D  GRAD.:     7.656 HEAT:-12.50718
 CYCLE:    23 TIME:   0.016 TIME LEFT:  2.00D  GRAD.:     7.249 HEAT:-12.55239
 CYCLE:    24 TIME:   0.016 TIME LEFT:  2.00D  GRAD.:     7.732 HEAT:-12.60459
 CYCLE:    25 TIME:   0.016 TIME LEFT:  2.00D  GRAD.:     7.297 HEAT:-12.68630
 CYCLE:    26 TIME:   0.016 TIME LEFT:  2.00D  GRAD.:     7.153 HEAT:-12.76957
 CYCLE:    27 TIME:   0.016 TIME LEFT:  2.00D  GRAD.:     6.917 HEAT:-12.84673
 CYCLE:    28 TIME:   0.016 TIME LEFT:  2.00D  GRAD.:     7.071 HEAT:-12.94021
 CYCLE:    29 TIME:   0.016 TIME LEFT:  2.00D  GRAD.:     6.002 HEAT:-13.01863
 CYCLE:    30 TIME:   0.016 TIME LEFT:  2.00D  GRAD.:     7.186 HEAT:-13.08079
 CYCLE:    31 TIME:   0.016 TIME LEFT:  2.00D  GRAD.:     6.371 HEAT:-13.15063
 CYCLE:    32 TIME:   0.016 TIME LEFT:  2.00D  GRAD.:     6.282 HEAT:-13.22889
 CYCLE:    33 TIME:   0.016 TIME LEFT:  2.00D  GRAD.:     6.075 HEAT:-13.33014
 CYCLE:    34 TIME:   0.016 TIME LEFT:  2.00D  GRAD.:     5.823 HEAT:-13.38676
 CYCLE:    35 TIME:   0.016 TIME LEFT:  2.00D  GRAD.:     3.794 HEAT:-13.41830
 CYCLE:    36 TIME:   0.016 TIME LEFT:  2.00D  GRAD.:     4.387 HEAT:-13.43530
 CYCLE:    37 TIME:   0.016 TIME LEFT:  2.00D  GRAD.:     2.793 HEAT:-13.45197
 CYCLE:    38 TIME:   0.016 TIME LEFT:  2.00D  GRAD.:     2.795 HEAT:-13.47058
 CYCLE:    39 TIME:   0.016 TIME LEFT:  2.00D  GRAD.:     2.881 HEAT:-13.48924
 CYCLE:    40 TIME:   0.016 TIME LEFT:  2.00D  GRAD.:     3.064 HEAT:-13.50547
 CYCLE:    41 TIME:   0.016 TIME LEFT:  2.00D  GRAD.:     2.802 HEAT:-13.52428
 CYCLE:    42 TIME:   0.031 TIME LEFT:  2.00D  GRAD.:     2.992 HEAT:-13.54174
 CYCLE:    43 TIME:   0.016 TIME LEFT:  2.00D  GRAD.:     2.584 HEAT:-13.55613
 CYCLE:    44 TIME:   0.016 TIME LEFT:  2.00D  GRAD.:     2.186 HEAT:-13.56886
 CYCLE:    45 TIME:   0.031 TIME LEFT:  2.00D  GRAD.:     1.795 HEAT:-13.57823
 CYCLE:    46 TIME:   0.016 TIME LEFT:  2.00D  GRAD.:     2.222 HEAT:-13.58360
 CYCLE:    47 TIME:   0.016 TIME LEFT:  2.00D  GRAD.:     1.418 HEAT:-13.58770
 CYCLE:    48 TIME:   0.031 TIME LEFT:  2.00D  GRAD.:     1.327 HEAT:-13.59158
 CYCLE:    49 TIME:   0.016 TIME LEFT:  2.00D  GRAD.:     1.549 HEAT:-13.59677
 CYCLE:    50 TIME:   0.016 TIME LEFT:  2.00D  GRAD.:     2.018 HEAT:-13.60296
 CYCLE:    51 TIME:   0.031 TIME LEFT:  2.00D  GRAD.:     2.404 HEAT:-13.61441
 CYCLE:    52 TIME:   0.016 TIME LEFT:  2.00D  GRAD.:     3.006 HEAT:-13.63034
 CYCLE:    53 TIME:   0.016 TIME LEFT:  2.00D  GRAD.:     3.698 HEAT:-13.65505
 CYCLE:    54 TIME:   0.016 TIME LEFT:  2.00D  GRAD.:     4.335 HEAT:-13.68882
 CYCLE:    55 TIME:   0.016 TIME LEFT:  2.00D  GRAD.:     9.167 HEAT:-13.70531
 CYCLE:    56 TIME:   0.047 TIME LEFT:  2.00D  GRAD.:     7.282 HEAT:-13.73295
 CYCLE:    57 TIME:   0.016 TIME LEFT:  2.00D  GRAD.:     4.264 HEAT:-13.76914
 CYCLE:    58 TIME:   0.016 TIME LEFT:  2.00D  GRAD.:     2.950 HEAT:-13.80052
 CYCLE:    59 TIME:   0.016 TIME LEFT:  2.00D  GRAD.:     3.679 HEAT:-13.82564
 CYCLE:    60 TIME:   0.016 TIME LEFT:  2.00D  GRAD.:     2.566 HEAT:-13.84211
 CYCLE:    61 TIME:   0.000 TIME LEFT:  2.00D  GRAD.:     2.662 HEAT:-13.85487
 CYCLE:    62 TIME:   0.031 TIME LEFT:  2.00D  GRAD.:     2.873 HEAT:-13.86470
 CYCLE:    63 TIME:   0.016 TIME LEFT:  2.00D  GRAD.:     2.669 HEAT:-13.87513
 CYCLE:    64 TIME:   0.016 TIME LEFT:  2.00D  GRAD.:     1.861 HEAT:-13.88577
 CYCLE:    65 TIME:   0.016 TIME LEFT:  2.00D  GRAD.:     1.983 HEAT:-13.89200
 CYCLE:    66 TIME:   0.016 TIME LEFT:  2.00D  GRAD.:     2.395 HEAT:-13.90023
 CYCLE:    67 TIME:   0.031 TIME LEFT:  2.00D  GRAD.:     2.270 HEAT:-13.90794
 CYCLE:    68 TIME:   0.016 TIME LEFT:  2.00D  GRAD.:     2.092 HEAT:-13.91744
 CYCLE:    69 TIME:   0.016 TIME LEFT:  2.00D  GRAD.:     2.062 HEAT:-13.92361
 CYCLE:    70 TIME:   0.016 TIME LEFT:  2.00D  GRAD.:     2.930 HEAT:-13.94281
 CYCLE:    71 TIME:   0.031 TIME LEFT:  2.00D  GRAD.:     3.571 HEAT:-13.95451
 CYCLE:    72 TIME:   0.016 TIME LEFT:  2.00D  GRAD.:     2.822 HEAT:-13.97633
 CYCLE:    73 TIME:   0.016 TIME LEFT:  2.00D  GRAD.:     2.992 HEAT:-13.98707
 CYCLE:    74 TIME:   0.016 TIME LEFT:  2.00D  GRAD.:     1.848 HEAT:-14.00249
 CYCLE:    75 TIME:   0.016 TIME LEFT:  2.00D  GRAD.:     1.556 HEAT:-14.00808
 CYCLE:    76 TIME:   0.031 TIME LEFT:  2.00D  GRAD.:     1.816 HEAT:-14.01703
 CYCLE:    77 TIME:   0.016 TIME LEFT:  2.00D  GRAD.:     1.060 HEAT:-14.01990
 CYCLE:    78 TIME:   0.016 TIME LEFT:  2.00D  GRAD.:     0.636 HEAT:-14.02222
 CYCLE:    79 TIME:   0.016 TIME LEFT:  2.00D  GRAD.:     0.503 HEAT:-14.02330
 CYCLE:    80 TIME:   0.016 TIME LEFT:  2.00D  GRAD.:     0.382 HEAT:-14.02389
 CYCLE:    81 TIME:   0.031 TIME LEFT:  2.00D  GRAD.:     0.349 HEAT:-14.02420
 CYCLE:    82 TIME:   0.016 TIME LEFT:  2.00D  GRAD.:     0.329 HEAT:-14.02442
 CYCLE:    83 TIME:   0.016 TIME LEFT:  2.00D  GRAD.:     0.328 HEAT:-14.02462
 CYCLE:    84 TIME:   0.016 TIME LEFT:  2.00D  GRAD.:     0.358 HEAT:-14.02492
 CYCLE:    85 TIME:   0.016 TIME LEFT:  2.00D  GRAD.:     0.458 HEAT:-14.02541
 CYCLE:    86 TIME:   0.031 TIME LEFT:  2.00D  GRAD.:     0.573 HEAT:-14.02605
 CYCLE:    87 TIME:   0.016 TIME LEFT:  2.00D  GRAD.:     0.704 HEAT:-14.02712
 CYCLE:    88 TIME:   0.016 TIME LEFT:  2.00D  GRAD.:     0.720 HEAT:-14.02819
 CYCLE:    89 TIME:   0.016 TIME LEFT:  2.00D  GRAD.:     0.796 HEAT:-14.03030
 CYCLE:    90 TIME:   0.016 TIME LEFT:  2.00D  GRAD.:     0.689 HEAT:-14.03123
 CYCLE:    91 TIME:   0.031 TIME LEFT:  2.00D  GRAD.:     0.810 HEAT:-14.03326
 CYCLE:    92 TIME:   0.016 TIME LEFT:  2.00D  GRAD.:     0.831 HEAT:-14.03431
 CYCLE:    93 TIME:   0.016 TIME LEFT:  2.00D  GRAD.:     2.489 HEAT:-14.04251
 CYCLE:    94 TIME:   0.016 TIME LEFT:  2.00D  GRAD.:     2.752 HEAT:-14.04352
 CYCLE:    95 TIME:   0.031 TIME LEFT:  2.00D  GRAD.:     1.812 HEAT:-14.05188
 CYCLE:    96 TIME:   0.016 TIME LEFT:  2.00D  GRAD.:     2.043 HEAT:-14.05487
 CYCLE:    97 TIME:   0.016 TIME LEFT:  2.00D  GRAD.:     1.873 HEAT:-14.06715
 CYCLE:    98 TIME:   0.016 TIME LEFT:  2.00D  GRAD.:     2.232 HEAT:-14.07619
 CYCLE:    99 TIME:   0.031 TIME LEFT:  2.00D  GRAD.:     3.080 HEAT:-14.09878
 CYCLE:   100 TIME:   0.016 TIME LEFT:  2.00D  GRAD.:     2.732 HEAT:-14.10744
 CYCLE:   101 TIME:   0.016 TIME LEFT:  2.00D  GRAD.:     2.311 HEAT:-14.12308
 CYCLE:   102 TIME:   0.016 TIME LEFT:  2.00D  GRAD.:     1.692 HEAT:-14.12895
 CYCLE:   103 TIME:   0.016 TIME LEFT:  2.00D  GRAD.:     1.340 HEAT:-14.13427
 CYCLE:   104 TIME:   0.031 TIME LEFT:  2.00D  GRAD.:     1.048 HEAT:-14.13627
 CYCLE:   105 TIME:   0.016 TIME LEFT:  2.00D  GRAD.:     0.637 HEAT:-14.13803
 CYCLE:   106 TIME:   0.016 TIME LEFT:  2.00D  GRAD.:     0.556 HEAT:-14.13952
 CYCLE:   107 TIME:   0.016 TIME LEFT:  2.00D  GRAD.:     0.584 HEAT:-14.14024
 CYCLE:   108 TIME:   0.016 TIME LEFT:  2.00D  GRAD.:     0.653 HEAT:-14.14079
 CYCLE:   109 TIME:   0.031 TIME LEFT:  2.00D  GRAD.:     0.847 HEAT:-14.14179
 CYCLE:   110 TIME:   0.016 TIME LEFT:  2.00D  GRAD.:     1.202 HEAT:-14.14377
 CYCLE:   111 TIME:   0.016 TIME LEFT:  2.00D  GRAD.:     1.713 HEAT:-14.14814
 CYCLE:   112 TIME:   0.016 TIME LEFT:  2.00D  GRAD.:     1.265 HEAT:-14.15431
 CYCLE:   113 TIME:   0.016 TIME LEFT:  2.00D  GRAD.:     0.812 HEAT:-14.15646
 CYCLE:   114 TIME:   0.031 TIME LEFT:  2.00D  GRAD.:     0.382 HEAT:-14.15734
 CYCLE:   115 TIME:   0.016 TIME LEFT:  2.00D  GRAD.:     0.328 HEAT:-14.15749
 CYCLE:   116 TIME:   0.016 TIME LEFT:  2.00D  GRAD.:     0.220 HEAT:-14.15770
 CYCLE:   117 TIME:   0.016 TIME LEFT:  2.00D  GRAD.:     0.125 HEAT:-14.15775
 CYCLE:   118 TIME:   0.016 TIME LEFT:  2.00D  GRAD.:     0.082 HEAT:-14.15778
 CYCLE:   119 TIME:   0.031 TIME LEFT:  2.00D  GRAD.:     0.032 HEAT:-14.15779
 CYCLE:   120 TIME:   0.016 TIME LEFT:  2.00D  GRAD.:     0.038 HEAT:-14.15780
 CYCLE:   121 TIME:   0.016 TIME LEFT:  2.00D  GRAD.:     0.033 HEAT:-14.15780
 CYCLE:   122 TIME:   0.016 TIME LEFT:  2.00D  GRAD.:     0.047 HEAT:-14.15780
 CYCLE:   123 TIME:   0.016 TIME LEFT:  2.00D  GRAD.:     0.071 HEAT:-14.15781
 CYCLE:   124 TIME:   0.016 TIME LEFT:  2.00D  GRAD.:     0.080 HEAT:-14.15782
 CYCLE:   125 TIME:   0.031 TIME LEFT:  2.00D  GRAD.:     0.099 HEAT:-14.15785
 CYCLE:   126 TIME:   0.016 TIME LEFT:  2.00D  GRAD.:     0.093 HEAT:-14.15788
 CYCLE:   127 TIME:   0.016 TIME LEFT:  2.00D  GRAD.:     0.044 HEAT:-14.15790
 CYCLE:   128 TIME:   0.016 TIME LEFT:  2.00D  GRAD.:     0.080 HEAT:-14.15793
 CYCLE:   129 TIME:   0.016 TIME LEFT:  2.00D  GRAD.:     0.046 HEAT:-14.15793
 CYCLE:   130 TIME:   0.031 TIME LEFT:  2.00D  GRAD.:     0.159 HEAT:-14.15794
 CYCLE:   131 TIME:   0.016 TIME LEFT:  2.00D  GRAD.:     0.056 HEAT:-14.15796
 CYCLE:   132 TIME:   0.016 TIME LEFT:  2.00D  GRAD.:     0.027 HEAT:-14.15797
 CYCLE:   133 TIME:   0.016 TIME LEFT:  2.00D  GRAD.:     0.022 HEAT:-14.15797
 CYCLE:   134 TIME:   0.016 TIME LEFT:  2.00D  GRAD.:     0.020 HEAT:-14.15797
 CYCLE:   135 TIME:   0.031 TIME LEFT:  2.00D  GRAD.:     0.009 HEAT:-14.15797

     RMS GRADIENT =  0.00887  IS LESS THAN CUTOFF =  0.01000



 -------------------------------------------------------------------------------
PM3 NOINTER NOMM BONDS MULLIK PRECISE GNORM=0.0

 Generated by ambit2.mopac.Mopac7Writer at Thu Dec 20 16:09:48 EET 2012


     GEOMETRY OPTIMISED USING EIGENVECTOR FOLLOWING (EF).     
     SCF FIELD WAS ACHIEVED                                   


                              PM3 CALCULATION
                                                       MOPAC2009 (Version: 11.366W)
                                                       Thu Dec 20 16:09:51 2012
                                                       No. of days left =  11




          FINAL HEAT OF FORMATION =        -14.15797 KCAL/MOL =     -59.23696 KJ/MOL


          TOTAL ENERGY            =      -1223.60097 EV
          ELECTRONIC ENERGY       =      -6477.32769 EV  POINT GROUP:     C1  
          CORE-CORE REPULSION     =       5253.72673 EV
          COSMO AREA              =        172.01 SQUARE ANGSTROMS
          COSMO VOLUME            =        171.56 CUBIC ANGSTROMS

          GRADIENT NORM           =          0.00887
          IONIZATION POTENTIAL    =          9.924545 EV
          HOMO LUMO ENERGIES (EV) =         -9.925  1.007
          NO. OF FILLED LEVELS    =         24
          MOLECULAR WEIGHT        =        113.202

          MOLECULAR DIMENSIONS (Angstroms)

            Atom       Atom       Distance
            H    20    H     9     6.16139
            H    10    H     9     4.94377
            H    21    H    18     3.58385


          SCF CALCULATIONS        =        144
          COMPUTATION TIME        =          2.621 SECONDS




   ATOM   CHEMICAL          X               Y               Z
  NUMBER   SYMBOL      (ANGSTROMS)     (ANGSTROMS)     (ANGSTROMS)
 
     1       C          2.04330642  *   0.98595049  *   1.99351152  *
     2       C          2.81580679  *   1.98115006  *   2.82973349  *
     3       C          4.27596592  *   2.07285568  *   2.37916614  *
     4       C          5.11924743  *   2.85758997  *   3.38516834  *
     5       C          5.14371352  *   2.20082958  *   4.74647009  *
     6       C          4.36539936  *   2.68242417  *   0.97677672  *
     7       C          4.01406569  *   4.13939142  *   0.95159484  *
     8       N          3.56279754  *   4.67441397  *  -0.12496282  *
     9       H          3.36432954  *   5.64107570  *  -0.08265041  *
    10       H          2.36306081  *  -0.04581178  *   2.18914811  *
    11       H          0.96633180  *   1.04181147  *   2.19118518  *
    12       H          2.20341662  *   1.18061614  *   0.91904113  *
    13       H          2.78481666  *   1.70095090  *   3.90679384  *
    14       H          2.34323022  *   2.98193874  *   2.76875737  *
    15       H          4.68565377  *   1.03317244  *   2.32302608  *
    16       H          4.72504658  *   3.89672787  *   3.45512114  *
    17       H          6.15193502  *   2.96076863  *   2.99679790  *
    18       H          4.12004298  *   1.98020394  *   5.09359162  *
    19       H          5.62256286  *   2.84363963  *   5.49472740  *
    20       H          5.69117741  *   1.24943113  *   4.72722733  *
    21       H          5.39333062  *   2.56301575  *   0.57984959  *
    22       H          3.69709159  *   2.09494385  *   0.30466056  *
    23       H          4.18114827  *   4.68264149  *   1.90357114  *

           Empirical Formula: C7 H15 N  =    23 atoms



      MOLECULAR POINT GROUP   :   C1  


                  EIGENVALUES  
 -40.88788 -33.10030 -32.50963 -27.99853 -24.01540 -22.41725 -20.94025 -17.97684
 -17.53568 -16.43681 -15.78010 -15.32623 -14.74314 -14.38259 -13.55718 -13.49263
 -13.26799 -12.78075 -12.36437 -11.95797 -11.60000 -11.34482 -10.92485  -9.92455
   1.00710   2.94480   3.23752   3.34774   3.57938   3.67363   3.74804   3.94278
   3.96294   4.07510   4.10344   4.16935   4.35340   4.47261   4.55319   4.66869
   4.75123   4.82988   4.89955   5.07995   5.12099   5.22079   6.62378


              NET ATOMIC CHARGES AND DIPOLE CONTRIBUTIONS

  ATOM NO.   TYPE          CHARGE      No. of ELECS.   s-Pop       p-Pop       
    1          C          -0.116763        4.1168     1.14009     2.97667
    2          C          -0.109799        4.1098     1.16396     2.94584
    3          C          -0.081443        4.0814     1.18141     2.90003
    4          C          -0.103443        4.1034     1.16242     2.94102
    5          C          -0.116164        4.1162     1.13976     2.97641
    6          C          -0.097002        4.0970     1.15921     2.93779
    7          C          -0.098134        4.0981     1.22985     2.86828
    8          N          -0.102818        5.1028     1.58474     3.51807
    9          H           0.058618        0.9414     0.94138
   10          H           0.037746        0.9623     0.96225
   11          H           0.040080        0.9599     0.95992
   12          H           0.048807        0.9512     0.95119
   13          H           0.059172        0.9408     0.94083
   14          H           0.050941        0.9491     0.94906
   15          H           0.066585        0.9334     0.93341
   16          H           0.050491        0.9495     0.94951
   17          H           0.051069        0.9489     0.94893
   18          H           0.046586        0.9534     0.95341
   19          H           0.039660        0.9603     0.96034
   20          H           0.039870        0.9601     0.96013
   21          H           0.066340        0.9337     0.93366
   22          H           0.081653        0.9183     0.91835
   23          H           0.087948        0.9121     0.91205
 DIPOLE           X         Y         Z       TOTAL
 POINT-CHG.     0.212    -0.453     0.602     0.782
 HYBRID         0.199     0.830     1.116     1.405
 SUM            0.411     0.377     1.718     1.806


          CARTESIAN COORDINATES 

    NO.       ATOM               X         Y         Z

     1         C                  2.0433    0.9860    1.9935
     2         C                  2.8158    1.9812    2.8297
     3         C                  4.2760    2.0729    2.3792
     4         C                  5.1192    2.8576    3.3852
     5         C                  5.1437    2.2008    4.7465
     6         C                  4.3654    2.6824    0.9768
     7         C                  4.0141    4.1394    0.9516
     8         N                  3.5628    4.6744   -0.1250
     9         H                  3.3643    5.6411   -0.0827
    10         H                  2.3631   -0.0458    2.1891
    11         H                  0.9663    1.0418    2.1912
    12         H                  2.2034    1.1806    0.9190
    13         H                  2.7848    1.7010    3.9068
    14         H                  2.3432    2.9819    2.7688
    15         H                  4.6857    1.0332    2.3230
    16         H                  4.7250    3.8967    3.4551
    17         H                  6.1519    2.9608    2.9968
    18         H                  4.1200    1.9802    5.0936
    19         H                  5.6226    2.8436    5.4947
    20         H                  5.6912    1.2494    4.7272
    21         H                  5.3933    2.5630    0.5798
    22         H                  3.6971    2.0949    0.3047
    23         H                  4.1811    4.6826    1.9036


          ATOMIC ORBITAL ELECTRON POPULATIONS

   1.14009   0.99245   0.98307   1.00115   1.16396   0.95038   0.99713   0.99833
   1.18141   0.95961   0.99666   0.94376   1.16242   0.99655   0.98815   0.95632
   1.13976   1.01416   1.00057   0.96168   1.15921   1.02305   0.94366   0.97109
   1.22985   0.93837   0.97142   0.95849   1.58474   1.07807   1.14240   1.29760
   0.94138   0.96225   0.95992   0.95119   0.94083   0.94906   0.93341   0.94951
   0.94893   0.95341   0.96034   0.96013   0.93366   0.91835   0.91205

          BONDING CONTRIBUTION OF EACH M.O.

  1.7805  1.7282  1.8126  1.7829  1.8720  1.9015  1.8553  1.8347  2.0588  2.0435
  2.0030  2.0295  2.0374  1.9305  2.0233  2.0432  2.0550  2.0290  2.0462  2.0402
  1.9562  2.0259  1.9820  0.8786 -2.0069 -2.1256 -2.0922 -1.9799 -2.0326 -1.9996
 -1.9784 -2.0386 -1.9768 -1.9973 -2.0082 -1.9821 -2.0106 -1.9709 -1.9667 -1.9586
 -1.9602 -1.9562 -1.9527 -1.9578 -1.9373 -1.9338 -1.9272





                    BOND ORDERS AND VALENCIES


                  C  1       C  2       C  3       C  4       C  5       C  6
 ------------------------------------------------------------------------------
     C    1   3.977632
     C    2   1.002120   3.968836
     C    3   0.003890   0.981389   3.961181
     C    4   0.004718   0.004164   0.981502   3.969865
     C    5   0.000195   0.008808   0.003834   1.001809   3.977784
     C    6   0.007821   0.003587   0.981210   0.004613   0.004927   3.966249
     C    7   0.000095   0.001260   0.003686   0.008742   0.000325   0.976301
     N    8   0.000086   0.000808   0.006327   0.000491   0.000036   0.021023
     H    9   0.000000   0.000016   0.000724   0.000066   0.000014   0.014898
     H   10   0.986927   0.001962   0.000284   0.000003   0.000014   0.000023
     H   11   0.987963   0.001849   0.005981   0.000396   0.000007   0.000180
     H   12   0.978362   0.001798   0.001353   0.000010   0.000089   0.000255
     H   13   0.001867   0.969523   0.002128   0.000752   0.000388   0.005074
     H   14   0.001839   0.977121   0.002165   0.000195   0.000034   0.001197
     H   15   0.000827   0.002105   0.969808   0.002068   0.000534   0.002301
     H   16   0.000007   0.000833   0.002191   0.970145   0.001951   0.000464
     H   17   0.000353   0.005125   0.002056   0.978729   0.001752   0.000424
     H   18   0.000041   0.000223   0.001296   0.001881   0.977880   0.000016
     H   19   0.000009   0.000239   0.005999   0.001884   0.987874   0.000387
     H   20   0.000007   0.000020   0.000311   0.001847   0.986897   0.000003
     H   21   0.000127   0.005004   0.001863   0.000225   0.000006   0.965955
     H   22   0.000319   0.000782   0.002056   0.004922   0.000348   0.962821
     H   23   0.000058   0.000100   0.001126   0.000704   0.000061   0.012768


                  C  7       N  8       H  9       H 10       H 11       H 12
 ------------------------------------------------------------------------------
     C    7   3.937165
     N    8   1.991769   3.040125
     H    9   0.002106   0.974969   0.996564
     H   10   0.000008   0.000017   0.000000   0.998575
     H   11   0.000005   0.000001   0.000000   0.000825   0.998394
     H   12   0.000010   0.000012   0.000000   0.000859   0.000742   0.997618
     H   13   0.000007   0.000026   0.000004   0.000612   0.000005   0.005989
     H   14   0.001066   0.000017   0.000024   0.006026   0.000314   0.000119
     H   15   0.004717   0.000378   0.000200   0.000981   0.000002   0.000114
     H   16   0.000188   0.000024   0.000008   0.000000   0.000002   0.000002
     H   17   0.000050   0.000014   0.000001   0.000000   0.000083   0.000014
     H   18   0.000003   0.000000   0.000000   0.000004   0.000003   0.000001
     H   19   0.000009   0.000003   0.000000   0.000001   0.000002   0.000003
     H   20   0.000092   0.000008   0.000001   0.000001   0.000000   0.000000
     H   21   0.004871   0.015215   0.000068   0.000002   0.000014   0.000020
     H   22   0.002751   0.007051   0.000020   0.000025   0.000016   0.007864
     H   23   0.939107   0.021850   0.003446   0.000000   0.000004   0.000000


                  H 13       H 14       H 15       H 16       H 17       H 18
 ------------------------------------------------------------------------------
     H   13   0.996499
     H   14   0.000937   0.997405
     H   15   0.000052   0.005018   0.995566
     H   16   0.000079   0.000633   0.005265   0.997451
     H   17   0.000013   0.000004   0.000128   0.000998   0.997392
     H   18   0.008564   0.000039   0.000062   0.000142   0.006064   0.997830
     H   19   0.000014   0.000004   0.000000   0.000313   0.000010   0.000787
     H   20   0.000046   0.000000   0.000856   0.006144   0.000557   0.000818
     H   21   0.000387   0.000017   0.000125   0.000012   0.000904   0.000000
     H   22   0.000025   0.000064   0.000014   0.000002   0.000003   0.000006
     H   23   0.000008   0.000572   0.000011   0.008049   0.000110   0.000000


                  H 19       H 20       H 21       H 22       H 23
 ------------------------------------------------------------------
     H   19   0.998427
     H   20   0.000794   0.998410
     H   21   0.000004   0.000002   0.995599
     H   22   0.000086   0.000005   0.000322   0.993333
     H   23   0.000003   0.000001   0.000454   0.003832   0.992265

           MULLIKEN POPULATION ANALYSIS



        MULLIKEN POPULATIONS AND CHARGES

      NO.  ATOM   POPULATION      CHARGE
        1    C     4.309829     -0.309829
        2    C     4.241982     -0.241982
        3    C     4.152175     -0.152175
        4    C     4.235570     -0.235570
        5    C     4.308351     -0.308351
        6    C     4.233407     -0.233407
        7    C     4.168048     -0.168048
        8    N     5.164581     -0.164581
        9    H     0.885169      0.114831
       10    H     0.896662      0.103338
       11    H     0.892513      0.107487
       12    H     0.890088      0.109912
       13    H     0.876321      0.123679
       14    H     0.880274      0.119726
       15    H     0.862921      0.137079
       16    H     0.889562      0.110438
       17    H     0.878998      0.121002
       18    H     0.894204      0.105796
       19    H     0.893029      0.106971
       20    H     0.893867      0.106133
       21    H     0.862651      0.137349
       22    H     0.848889      0.151111
       23    H     0.840907      0.159093



 TOTAL CPU TIME:             2.62 SECONDS

 == MOPAC DONE ==
