 *******************************************************************************
 **  MOPAC: Public Domain Version              Written by James J. P. Stewart **
 *******************************************************************************

                                 PM3 CALCULATION RESULTS


 *******************************************************************************
 *                   MOPAC   7.10               CALC'D. Sat Dec 13 15:17:30 2008
 *  BONDS    - FINAL BOND-ORDER MATRIX TO BE PRINTED
 *  NOMM     - DO NOT MAKE MM CORRECTION TO CONH BARRIER
 *  MULLIK   - THE MULLIKEN ANALYSIS TO BE PERFORMED
 *   T=      - A TIME OF  3600.000 SECONDS REQUESTED
 *  DUMP=N   - RESTART FILE WRITTEN EVERY  3600.000 SECONDS
 *  PM3      - THE PM3 HAMILTONIAN TO BE USED
 *  PRECISE  - CRITERIA TO BE INCREASED BY 100 TIMES
 *  NOINTER  - INTERATOMIC DISTANCES NOT TO BE PRINTED
 *  GNORM=   - EXIT WHEN GRADIENT NORM DROPS BELOW 0.00    
 *******************************************************************************
 PM3 NOINTER NOMM BONDS MULLIK PRECISE GNORM=0.0
 
 Generated by ambit2.mopac.Mopac7Writer at Sat Dec 13 15:17:30 EET 2008

    ATOM   CHEMICAL  BOND LENGTH    BOND ANGLE     TWIST ANGLE
   NUMBER  SYMBOL    (ANGSTROMS)     (DEGREES)      (DEGREES)
    (I)                  NA:I          NB:NA:I      NC:NB:NA:I     NA   NB   NC

      1      C       
      2      C         1.39477  *                                  1
      3      C         1.39483  *     120.00223  *                 2    1
      4      C         1.39489  *     119.99508  *    0.00000  *   3    2    1
      5      C         1.39472  *     120.00357  *    0.00000  *   4    3    2
      6      C         1.39481  *     119.99882  *    0.02294  *   1    2    3
      7      H         1.08675  *     119.99725  * -179.97779  *   1    2    3
      8      H         1.08684  *     119.99942  *  179.99751  *   2    1    3
      9      H         1.08670  *     120.00247  *  179.98896  *   3    2    1
     10      H         1.08670  *     119.99429  * -179.99447  *   4    3    2
     11      H         1.08669  *     120.00039  *  179.99440  *   5    4    3
     12      H         1.08678  *     120.00101  *  179.98226  *   6    1    2


          CARTESIAN COORDINATES 

    NO.       ATOM         X         Y         Z

     1         C        0.0000    0.0000    0.0000
     2         C        1.3948    0.0000    0.0000
     3         C        2.0922    1.2079    0.0000
     4         C        1.3947    2.4159    0.0000
     5         C        0.0000    2.4159    0.0000
     6         C       -0.6974    1.2080   -0.0005
     7         H       -0.5433   -0.9412    0.0004
     8         H        1.9382   -0.9412    0.0000
     9         H        3.1789    1.2079    0.0002
    10         H        1.9381    3.3570   -0.0001
    11         H       -0.5433    3.3570    0.0001
    12         H       -1.7842    1.2080   -0.0008
  H: (PM3): J. J. P. STEWART, J. COMP. CHEM. 10, 209 (1989).                    
  C: (PM3): J. J. P. STEWART, J. COMP. CHEM. 10, 209 (1989).                    


      MOLECULAR POINT GROUP   :   D6h 


      RHF CALCULATION, NO. OF DOUBLY OCCUPIED LEVELS = 15

  GNORM HAS BEEN SET TOO LOW, RESET TO 0.01
 CYCLE:   1 TIME:   0.016 TIME LEFT: 60.00M  GRAD.:    41.677 HEAT: 23.48579    
 CYCLE:   2 TIME:   0.000 TIME LEFT: 60.00M  GRAD.:    13.182 HEAT: 23.41072    
 CYCLE:   3 TIME:   0.000 TIME LEFT: 60.00M  GRAD.:     5.989 HEAT: 23.39812    
 CYCLE:   4 TIME:   0.000 TIME LEFT: 60.00M  GRAD.:     5.969 HEAT: 23.39518    
 CYCLE:   5 TIME:   0.016 TIME LEFT: 60.00M  GRAD.:     7.009 HEAT: 23.39497    
 CYCLE:   6 TIME:   0.000 TIME LEFT: 60.00M  GRAD.:     5.797 HEAT: 23.39314    
 CYCLE:   7 TIME:   0.000 TIME LEFT: 60.00M  GRAD.:     2.473 HEAT: 23.38865    
 CYCLE:   8 TIME:   0.000 TIME LEFT: 60.00M  GRAD.:     1.348 HEAT: 23.38783    
 CYCLE:   9 TIME:   0.000 TIME LEFT: 60.00M  GRAD.:     0.870 HEAT: 23.38735    
 CYCLE:  10 TIME:   0.016 TIME LEFT: 60.00M  GRAD.:     0.603 HEAT: 23.38725    
 CYCLE:  11 TIME:   0.000 TIME LEFT: 60.00M  GRAD.:     0.599 HEAT: 23.38719    
 CYCLE:  12 TIME:   0.000 TIME LEFT: 60.00M  GRAD.:     0.518 HEAT: 23.38711    
 CYCLE:  13 TIME:   0.000 TIME LEFT: 60.00M  GRAD.:     0.241 HEAT: 23.38705    
 CYCLE:  14 TIME:   0.000 TIME LEFT: 60.00M  GRAD.:     0.135 HEAT: 23.38703    
 CYCLE:  15 TIME:   0.016 TIME LEFT: 60.00M  GRAD.:     0.113 HEAT: 23.38702    
 CYCLE:  16 TIME:   0.000 TIME LEFT: 60.00M  GRAD.:     0.084 HEAT: 23.38701    
 CYCLE:  17 TIME:   0.000 TIME LEFT: 60.00M  GRAD.:     0.051 HEAT: 23.38701    
 CYCLE:  18 TIME:   0.000 TIME LEFT: 60.00M  GRAD.:     0.043 HEAT: 23.38701    
 CYCLE:  19 TIME:   0.000 TIME LEFT: 60.00M  GRAD.:     0.036 HEAT: 23.38701    
 CYCLE:  20 TIME:   0.016 TIME LEFT: 60.00M  GRAD.:     0.043 HEAT: 23.38701    
 CYCLE:  21 TIME:   0.000 TIME LEFT: 60.00M  GRAD.:     0.043 HEAT: 23.38701    
 CYCLE:  22 TIME:   0.000 TIME LEFT: 60.00M  GRAD.:     0.040 HEAT: 23.38701    
 CYCLE:  23 TIME:   0.000 TIME LEFT: 60.00M  GRAD.:     0.014 HEAT: 23.38701    
 CYCLE:  24 TIME:   0.016 TIME LEFT: 60.00M  GRAD.:     0.010 HEAT: 23.38701    
 CYCLE:  25 TIME:   0.000 TIME LEFT: 60.00M  GRAD.:     0.012 HEAT: 23.38701    
 TEST ON GRADIENT SATISFIED
PETERS TEST SATISFIED

 -------------------------------------------------------------------------------
 PM3 NOINTER NOMM BONDS MULLIK PRECISE GNORM=0.0
 
 Generated by ambit2.mopac.Mopac7Writer at Sat Dec 13 15:17:30 EET 2008


     PETERS TEST WAS SATISFIED IN BFGS OPTIMIZATION           
     SCF FIELD WAS ACHIEVED                                   


                                PM3    CALCULATION
                                                       MOPAC  7.10
                                                       Sat Dec 13 15:17:30 2008




          FINAL HEAT OF FORMATION =         23.38701 KCAL =     97.85124 KJ


          TOTAL ENERGY            =       -802.82441 EV
          ELECTRONIC ENERGY       =      -3171.55915 EV  POINT GROUP:     D6h 
          CORE-CORE REPULSION     =       2368.73474 EV

          IONIZATION POTENTIAL    =          9.75133
          NO. OF FILLED LEVELS    =         15
          MOLECULAR WEIGHT        =     78.113

          MOLECULAR DIMENSIONS (Angstroms)

            Atom       Atom       Distance
            H    12    H     9     4.97170
            H    11    H     7     4.30562
            H     8    H    10     0.00008


          SCF CALCULATIONS  =               41
          COMPUTATION TIME =   0.094 SECONDS





    ATOM   CHEMICAL  BOND LENGTH    BOND ANGLE     TWIST ANGLE
   NUMBER  SYMBOL    (ANGSTROMS)     (DEGREES)      (DEGREES)
    (I)                  NA:I          NB:NA:I      NC:NB:NA:I     NA   NB   NC

      1      C       
      2      C         1.39110  *                                  1
      3      C         1.39110  *     120.00117  *                 2    1
      4      C         1.39110  *     119.99898  *    0.00317  *   3    2    1
      5      C         1.39110  *     120.00059  *   -0.00133  *   4    3    2
      6      C         1.39110  *     119.99911  *   -0.00277  *   1    2    3
      7      H         1.09475  *     120.00025  *  179.99767  *   1    2    3
      8      H         1.09475  *     119.99927  * -179.99837  *   2    1    3
      9      H         1.09475  *     120.00064  * -179.99888  *   3    2    1
     10      H         1.09475  *     119.99971  *  179.99874  *   4    3    2
     11      H         1.09475  *     120.00022  * -179.99997  *   5    4    3
     12      H         1.09475  *     119.99984  * -179.99975  *   6    1    2


      MOLECULAR POINT GROUP   :   D6h 


                  EIGENVALUES

 -39.40671 -29.57991 -29.57988 -21.41572 -21.41569 -18.51075 -16.28645 -15.15144
 -14.63734 -14.63730 -13.23544 -12.37602 -12.37597  -9.75133  -9.75133   0.39613
   0.39614   2.86560   3.27284   3.49919   3.49919   3.62905   4.00764   4.00764
   5.01771   5.01773   5.24601   5.24602   6.12656   6.31816


              NET ATOMIC CHARGES AND DIPOLE CONTRIBUTIONS

         ATOM NO.   TYPE          CHARGE        ATOM  ELECTRON DENSITY
           1          C          -0.102109        4.1021
           2          C          -0.102110        4.1021
           3          C          -0.102108        4.1021
           4          C          -0.102109        4.1021
           5          C          -0.102110        4.1021
           6          C          -0.102109        4.1021
           7          H           0.102111        0.8979
           8          H           0.102106        0.8979
           9          H           0.102112        0.8979
          10          H           0.102107        0.8979
          11          H           0.102110        0.8979
          12          H           0.102108        0.8979
 DIPOLE           X         Y         Z       TOTAL
 POINT-CHG.     0.000     0.000     0.000     0.000
 HYBRID         0.000     0.000     0.000     0.000
 SUM            0.000     0.000     0.000     0.000


          CARTESIAN COORDINATES 

    NO.       ATOM               X         Y         Z

     1         C                  0.0000    0.0000    0.0000
     2         C                  1.3911    0.0000    0.0000
     3         C                  2.0867    1.2047    0.0000
     4         C                  1.3911    2.4094    0.0001
     5         C                  0.0000    2.4095    0.0001
     6         C                 -0.6955    1.2047    0.0001
     7         H                 -0.5474   -0.9481    0.0000
     8         H                  1.9385   -0.9481    0.0000
     9         H                  3.1814    1.2047    0.0000
    10         H                  1.9385    3.3575    0.0001
    11         H                 -0.5473    3.3575    0.0002
    12         H                 -1.7903    1.2048    0.0001


          ATOMIC ORBITAL ELECTRON POPULATIONS

   1.17946   0.95091   0.97174   1.00000   1.17946   0.95091   0.97174   1.00000
   1.17946   0.98215   0.94049   1.00000   1.17946   0.95091   0.97174   1.00000
   1.17946   0.95091   0.97174   1.00000   1.17946   0.98216   0.94049   1.00000
   0.89789   0.89789   0.89789   0.89789   0.89789   0.89789

          BONDING CONTRIBUTION OF EACH M.O.

  1.7573  1.7792  1.7792  1.9023  1.9023  2.0831  2.1190  1.9387  2.1040  2.1040
  2.0000  2.1117  2.1117  2.0000  2.0000 -2.0000 -2.0000 -2.0000 -2.1463 -2.1159
 -2.1159 -1.9595 -1.9302 -1.9302 -1.9530 -1.9530 -1.8981 -1.8981 -1.9114 -1.8810





                    BOND ORDERS AND VALENCIES


                  C  1       C  2       C  3       C  4       C  5       C  6
 ------------------------------------------------------------------------------
     C    1   3.959182
     C    2   1.424109   3.959184
     C    3   0.003517   1.424112   3.959183
     C    4   0.116829   0.003517   1.424108   3.959183
     C    5   0.003517   0.116829   0.003517   1.424113   3.959183
     C    6   1.424112   0.003517   0.116829   0.003517   1.424108   3.959183
     H    7   0.966439   0.005368   0.004920   0.000084   0.004920   0.005368
     H    8   0.005368   0.966440   0.005368   0.004921   0.000084   0.004920
     H    9   0.004920   0.005368   0.966439   0.005368   0.004920   0.000084
     H   10   0.000084   0.004920   0.005368   0.966439   0.005368   0.004920
     H   11   0.004920   0.000084   0.004920   0.005368   0.966439   0.005368
     H   12   0.005368   0.004920   0.000084   0.004920   0.005368   0.966439


                  H  7       H  8       H  9       H 10       H 11       H 12
 ------------------------------------------------------------------------------
     H    7   0.989573
     H    8   0.000779   0.989574
     H    9   0.000427   0.000779   0.989573
     H   10   0.000062   0.000427   0.000779   0.989574
     H   11   0.000427   0.000062   0.000427   0.000779   0.989573
     H   12   0.000779   0.000427   0.000062   0.000427   0.000779   0.989574

           MULLIKEN POPULATION ANALYSIS


               S  C  1   PX  C  1   PY  C  1   PZ  C  1    S  C  2   PX  C  2
 ------------------------------------------------------------------------------
  S  C    1   1.413497
 PX  C    1   0.000000   0.872339
 PY  C    1   0.000000   0.000000   0.905743
 PZ  C    1   0.000000   0.000000   0.000000   1.000001
  S  C    2  -0.052227   0.100389   0.000000   0.000000   1.413496
 PX  C    2   0.100386   0.158020   0.000000   0.000000   0.000000   0.872339
 PY  C    2   0.000000   0.000000   0.002699   0.000000   0.000000   0.000000
 PZ  C    2   0.000000   0.000000   0.000000   0.094594   0.000000   0.000000
  S  C    3  -0.005344  -0.008907  -0.001519   0.000000  -0.052227   0.020249
 PX  C    3  -0.006731  -0.005831  -0.000796   0.000000   0.029947  -0.005881
 PY  C    3  -0.003694  -0.003858  -0.000317   0.000000   0.070442   0.043406
 PZ  C    3   0.000000   0.000000   0.000000  -0.000885   0.000000   0.000000
  S  C    4  -0.004382  -0.000391  -0.001174   0.000000  -0.005345   0.000000
 PX  C    4  -0.000391   0.000154  -0.000580   0.000000   0.000000   0.000113
 PY  C    4  -0.001174  -0.000580  -0.000106   0.000000  -0.010426   0.000000
 PZ  C    4   0.000000   0.000000   0.000000  -0.002292   0.000000   0.000000
  S  C    5  -0.005344   0.000000  -0.010425   0.000000  -0.004382  -0.000391
 PX  C    5   0.000000   0.000113   0.000000   0.000000  -0.000391   0.000154
 PY  C    5  -0.010425   0.000000  -0.010916   0.000000  -0.001174  -0.000580
 PZ  C    5   0.000000   0.000000   0.000000  -0.000885   0.000000   0.000000
  S  C    6  -0.052228   0.020248   0.080140   0.000000  -0.005345  -0.008907
 PX  C    6   0.029944  -0.005882   0.051417   0.000000  -0.006731  -0.005831
 PY  C    6   0.070442   0.043403   0.071783   0.000000  -0.003694  -0.003859
 PZ  C    6   0.000000   0.000000   0.000000   0.094595   0.000000   0.000000
  S  H    7   0.148538   0.055230   0.165687   0.000000  -0.038788  -0.022822
  S  H    8  -0.038789  -0.022822  -0.003254   0.000000   0.148532   0.055228
  S  H    9   0.003156   0.002099   0.000068   0.000000  -0.038788  -0.015859
  S  H   10  -0.000084  -0.000005  -0.000014   0.000000   0.003156   0.000154
  S  H   11   0.003156   0.000154   0.002014   0.000000  -0.000084  -0.000005
  S  H   12  -0.038788  -0.015859  -0.010217   0.000000   0.003156   0.002099
1


              PY  C  2   PZ  C  2    S  C  3   PX  C  3   PY  C  3   PZ  C  3
 ------------------------------------------------------------------------------
 PY  C    2   0.905746
 PZ  C    2   0.000000   0.999999
  S  C    3   0.080137   0.000000   1.413497
 PX  C    3   0.051420   0.000000   0.000000   0.922445
 PY  C    3   0.071775   0.000000   0.000000   0.000000   0.855636
 PZ  C    3   0.000000   0.094595   0.000000   0.000000   0.000000   1.000001
  S  C    4  -0.010426   0.000000  -0.052228   0.029945   0.070444   0.000000
 PX  C    4   0.000000   0.000000   0.020247  -0.005881   0.043403   0.000000
 PY  C    4  -0.010916   0.000000   0.080139   0.051418   0.071780   0.000000
 PZ  C    4   0.000000  -0.000885   0.000000   0.000000   0.000000   0.094595
  S  C    5  -0.001174   0.000000  -0.005344  -0.006731  -0.003694   0.000000
 PX  C    5  -0.000580   0.000000  -0.008907  -0.005831  -0.003858   0.000000
 PY  C    5  -0.000106   0.000000  -0.001519  -0.000796  -0.000317   0.000000
 PZ  C    5   0.000000  -0.002292   0.000000   0.000000   0.000000  -0.000885
  S  C    6  -0.001519   0.000000  -0.004382  -0.001565   0.000000   0.000000
 PX  C    6  -0.000796   0.000000  -0.001565  -0.000816   0.000000   0.000000
 PY  C    6  -0.000317   0.000000   0.000000   0.000000  -0.000297   0.000000
 PZ  C    6   0.000000  -0.000885   0.000000   0.000000   0.000000  -0.002292
  S  H    7  -0.003253   0.000000   0.003156   0.000998   0.001169   0.000000
  S  H    8   0.165693   0.000000  -0.038789  -0.000432  -0.025644   0.000000
  S  H    9  -0.010216   0.000000   0.148539   0.220917   0.000000   0.000000
  S  H   10   0.002014   0.000000  -0.038788  -0.000432  -0.025644   0.000000
  S  H   11  -0.000014   0.000000   0.003156   0.000998   0.001169   0.000000
  S  H   12   0.000068   0.000000  -0.000084  -0.000019   0.000000   0.000000


               S  C  4   PX  C  4   PY  C  4   PZ  C  4    S  C  5   PX  C  5
 ------------------------------------------------------------------------------
  S  C    4   1.413497
 PX  C    4   0.000000   0.872340
 PY  C    4   0.000000   0.000000   0.905745
 PZ  C    4   0.000000   0.000000   0.000000   0.999999
  S  C    5  -0.052227   0.100387   0.000000   0.000000   1.413496
 PX  C    5   0.100388   0.158020   0.000000   0.000000   0.000000   0.872338
 PY  C    5   0.000000   0.000000   0.002700   0.000000   0.000000   0.000000
 PZ  C    5   0.000000   0.000000   0.000000   0.094595   0.000000   0.000000
  S  C    6  -0.005345  -0.008907  -0.001519   0.000000  -0.052227   0.020249
 PX  C    6  -0.006732  -0.005831  -0.000796   0.000000   0.029947  -0.005881
 PY  C    6  -0.003694  -0.003858  -0.000317   0.000000   0.070440   0.043405
 PZ  C    6   0.000000   0.000000   0.000000  -0.000885   0.000000   0.000000
  S  H    7  -0.000084  -0.000005  -0.000014   0.000000   0.003156   0.000154
  S  H    8   0.003156   0.000154   0.002014   0.000000  -0.000084  -0.000005
  S  H    9  -0.038788  -0.015859  -0.010216   0.000000   0.003156   0.002099
  S  H   10   0.148534   0.055231   0.165689   0.000000  -0.038789  -0.022822
  S  H   11  -0.038788  -0.022822  -0.003254   0.000000   0.148537   0.055228
  S  H   12   0.003156   0.002099   0.000068   0.000000  -0.038788  -0.015859
1


              PY  C  5   PZ  C  5    S  C  6   PX  C  6   PY  C  6   PZ  C  6
 ------------------------------------------------------------------------------
 PY  C    5   0.905745
 PZ  C    5   0.000000   1.000001
  S  C    6   0.080139   0.000000   1.413497
 PX  C    6   0.051420   0.000000   0.000000   0.922448
 PY  C    6   0.071777   0.000000   0.000000   0.000000   0.855637
 PZ  C    6   0.000000   0.094595   0.000000   0.000000   0.000000   0.999999
  S  H    7   0.002014   0.000000  -0.038788  -0.000432  -0.025643   0.000000
  S  H    8  -0.000014   0.000000   0.003156   0.000998   0.001169   0.000000
  S  H    9   0.000068   0.000000  -0.000084  -0.000019   0.000000   0.000000
  S  H   10  -0.003253   0.000000   0.003156   0.000998   0.001169   0.000000
  S  H   11   0.165691   0.000000  -0.038788  -0.000432  -0.025643   0.000000
  S  H   12  -0.010216   0.000000   0.148534   0.220920   0.000000   0.000000


               S  H  7    S  H  8    S  H  9    S  H 10    S  H 11    S  H 12
 ------------------------------------------------------------------------------
  S  H    7   0.808417
  S  H    8  -0.007868   0.808423
  S  H    9  -0.000559  -0.007868   0.808416
  S  H   10   0.000068  -0.000559  -0.007868   0.808422
  S  H   11  -0.000559   0.000068  -0.000559  -0.007868   0.808418
  S  H   12  -0.007868  -0.000559   0.000068  -0.000559  -0.007868   0.808421



        MULLIKEN POPULATIONS AND CHARGES

      NO.  ATOM   POPULATION      CHARGE
        1    C     4.191580     -0.191580
        2    C     4.191581     -0.191581
        3    C     4.191580     -0.191580
        4    C     4.191581     -0.191581
        5    C     4.191580     -0.191580
        6    C     4.191581     -0.191581
        7    H     0.808417      0.191583
        8    H     0.808423      0.191577
        9    H     0.808416      0.191584
       10    H     0.808422      0.191578
       11    H     0.808418      0.191582
       12    H     0.808421      0.191579



 TOTAL CPU TIME:             0.09 SECONDS

 == MOPAC DONE ==
